board_width: 15
board_height: 15
units:
    - coordinates: [10, 9]
      mass: 9
      direction: 3
      team: 0
      instruction: 2

    - coordinates: [12, 9]
      mass: 9
      direction: 3
      team: 1
      instruction: 0
