board_width: 15
board_height: 15
units:
    - coordinates: [10, 10]
      mass: 21
      direction: 3
      team: 0
      instruction: 0
